smash> smash> smash: got ctrl-Z
smash: process 111005 was stopped
smash> [1] sleep 100& : 111003 2 secs
[2] sleep 200 : 111005 1 secs (stopped)
smash> smash> smash: got ctrl-Z
smash: process 111010 was stopped
smash> [1] sleep 100& : 111003 4 secs
[2] sleep 200 : 111005 3 secs (stopped)
[3] sleep 300& : 111009 2 secs
[4] sleep 400 : 111010 1 secs (stopped)
smash> smash: sending SIGKILL signal to 4 jobs:
111003: sleep 100&
111005: sleep 200
111009: sleep 300&
111010: sleep 400
