smash> /tmp/smash_test
smash> smash> smash> /tmp/smash_test/pwd1/pwd2/pwd3
smash> smash> /tmp/smash_test/pwd1/pwd2
smash> smash> /tmp/smash_test/pwd1
smash> smash> /tmp/smash_test
smash> smash> 