smash> smash> smash> smash> [1] sleep 100& : 111003 0 secs
[2] sleep 200& : 111006 0 secs
[3] sleep 300& : 111009 0 secs
smash> smash> signal number 9 was sent to pid 111006
smash> smash> [1] sleep 100& : 111003 3 secs
[3] sleep 300& : 111009 3 secs
smash> signal number 9 was sent to pid 111003
smash> signal number 9 was sent to pid 111009
smash> smash> smash> smash: sending SIGKILL signal to 0 jobs:
