smash> print_args_test.exe
printer.exe
printSignals.exe
smash> smash> 