smash> smash> smash> signal number 10 was sent to pid 111003
smash> smash> smash: sending SIGKILL signal to 1 jobs:
111003: ./printSignals.exe &
