smash> https://tinyurl.com/y9du4ahd> smash> smash> 