smash> smash> smash> [1] timeout 3 sleep 2& : 111003 0 secs
smash> smash: got an alarm
smash> smash: sending SIGKILL signal to 0 jobs:
