smash> smash> smash> smash> smash> smash> [1] sleep 100& : 111009 0 secs
smash> smash: sending SIGKILL signal to 1 jobs:
111009: sleep 100&
