smash> smash> smash pid is 111002
smash> smash: sending SIGKILL signal to 0 jobs:
