smash> smash> smash> [1] sleep 10& : 111003 0 secs
smash> smash> [1] sleep 10& : 111003 0 secs
[2] sleep 20& : 111005 0 secs
smash> smash> smash> [1] sleep 10& : 111003 0 secs
[2] sleep 20& : 111005 0 secs
[3] sleep 30& : 111009 0 secs
[4] sleep 40& : 111010 0 secs
smash> smash: sending SIGKILL signal to 4 jobs:
111003: sleep 10&
111005: sleep 20&
111009: sleep 30&
111010: sleep 40&
